exports[`test ChatList snapshot 1`] = `
<div
  className="list_y16a99 room-chat-body" />
`;
