exports[`test AllRoomsPage snapshot 1`] = `<div />`;
