// Jest Snapshot v1, https://goo.gl/fbAQLP

exports[`ChatWindow snapshot 1`] = `
<div
  className="chatWindow_ji3w17"
>
  <ChatList />
  <div
    className="actionBlock_1o6grbo"
  >
    Conversation closed. Read only mode
  </div>
</div>
`;

exports[`test ChatWindow snapshot 1`] = `
<div
  className="chatWindow_ji3w17">
  <ChatList />
  <div
    className="actionBlock_1o6grbo">
    <input
      className="chatInput_r3suy5-o_O-bigger_tou7b3 form-control"
      onKeyUp={[Function]}
      type="text" />
    <button
      className="btn btn-default"
      onClick={[Function]}>
      Send message
    </button>
  </div>
</div>
`;
