exports[`test ChatList snapshot 1`] = `
<div
  className="listBlock_1deey0y" />
`;
