// Jest Snapshot v1, https://goo.gl/fbAQLP

exports[`NotFoundPage snapshot 1`] = `
<div>
  <h2>
    404 not found
  </h2>
</div>
`;
