// Jest Snapshot v1, https://goo.gl/fbAQLP

exports[`AllRoomsPage snapshot 1`] = `<div />`;
