// Jest Snapshot v1, https://goo.gl/fbAQLP

exports[`ClientRoomPage snapshot 1`] = `
<div
  className="room-flex-container"
>
  <RoomWidget
    sendMessageCallback={[Function]}
  />
</div>
`;
