exports[`test RoomWidget snapshot 1`] = `
<div
  className="room-widget">
  <div
    className="widget__header">
    id: undefined
  </div>
  <div>
    <ChatWindow
      sendMessage={[Function]} />
  </div>
</div>
`;
